[hakan-olcer.de/index.html]
[backblue.gif]
[fade.gif]
[index.html]
[hakan-olcer.de/cdn-cgi/apps/head/jPoiKZvxGNXJWMsqd8G0OXzllIU.js]
[hakan-olcer.de/css/normalize.css]
[hakan-olcer.de/css/webflow.css]
[hakan-olcer.de/css/hakan-olcer-de.webflow.css]
[hakan-olcer.de/images/favicon.png]
[hakan-olcer.de/images/webclip.png]
[hakan-olcer.de/images/Logo-White.svg]
[hakan-olcer.de/my-portfolio.html]
[hakan-olcer.de/about.html]
[hakan-olcer.de/blog.html]
[hakan-olcer.de/contact.html]
[hakan-olcer.de/images/menu.svg]
[hakan-olcer.de/images/Left-Arrow.svg]
[hakan-olcer.de/images/Left-Arrow-1.svg]
[hakan-olcer.de/images/hakan-olcer.jpg]
[hakan-olcer.de/images/Screen-White-Image.svg]
[hakan-olcer.de/images/Apple-iMac_1Apple-iMac.webp]
[hakan-olcer.de/images/Gradient-Bg_1Gradient-Bg.webp]
[hakan-olcer.de/images/Me-Image_1Me-Image.webp]
[hakan-olcer.de/images/Apple-iPad-Pro-13-Space-Gray.png]
[hakan-olcer.de/template/style-guide.html]
[hakan-olcer.de/template/licensing.html]
[hakan-olcer.de/template/change-log.html]
[hakan-olcer.de/template/instructions.html]
[hakan-olcer.de/images/twitter.svg]
[hakan-olcer.de/images/linkedin.svg]
[hakan-olcer.de/js/webflow.js]
[hakan-olcer.de/index.html]
[hakan-olcer.de/css/normalize.css]
[hakan-olcer.de/css/webflow.css]
[hakan-olcer.de/images/Qoute-Block-Icon.svg]
[hakan-olcer.de/fonts/GeneralSans-Bold.ttf]
[hakan-olcer.de/fonts/GeneralSans-Semibold.ttf]
[hakan-olcer.de/fonts/GeneralSans-Extralight.ttf]
[hakan-olcer.de/fonts/GeneralSans-Regular.ttf]
[hakan-olcer.de/fonts/GeneralSans-Light.ttf]
[hakan-olcer.de/fonts/GeneralSans-Medium.ttf]
[hakan-olcer.de/css/hakan-olcer-de.webflow.css]
[hakan-olcer.de/images/Logo-White.svg]
[hakan-olcer.de/my-portfolio.html]
[hakan-olcer.de/images/About-Image-01_1About-Image-01.webp]
[hakan-olcer.de/images/About-Image-02_1About-Image-02.webp]
[hakan-olcer.de/images/About-Image-03_1About-Image-03.webp]
[hakan-olcer.de/images/Development-Image-01.svg]
[hakan-olcer.de/images/Development-Image-02.svg]
[hakan-olcer.de/images/Development-Image-03.svg]
[hakan-olcer.de/images/Award-Image-01_1Award-Image-01.webp]
[hakan-olcer.de/images/Award-Image-02_1Award-Image-02.webp]
[hakan-olcer.de/images/Award-Circled-Words.svg]
[hakan-olcer.de/images/Award-Logo.svg]
[hakan-olcer.de/images/Slider-Image-05_1Slider-Image-05.webp]
[hakan-olcer.de/images/Slider-Image-03_1Slider-Image-03.webp]
[hakan-olcer.de/images/Slider-Image-01_1Slider-Image-01.webp]
[hakan-olcer.de/images/Slider-Image-04_1Slider-Image-04.webp]
[hakan-olcer.de/images/Slider-Image-02_1Slider-Image-02.webp]
[hakan-olcer.de/images/Slider-Image-06_1Slider-Image-06.webp]
[hakan-olcer.de/about.html]
[hakan-olcer.de/GET]
[hakan-olcer.de/blog.html]
[hakan-olcer.de/images/Contact-Gradient_1Contact-Gradient.webp]
[hakan-olcer.de/contact.html]
[hakan-olcer.de/images/menu.svg]
[hakan-olcer.de/images/Left-Arrow.svg]
[hakan-olcer.de/images/Left-Arrow-1.svg]
[hakan-olcer.de/images/Screen-White-Image.svg]
[hakan-olcer.de/images/Apple-iMac_1Apple-iMac.html]
[hakan-olcer.de/images/Gradient-Bg_1Gradient-Bg.html]
[hakan-olcer.de/images/Me-Image_1Me-Image.html]
[hakan-olcer.de/images/X-Icon.svg]
[hakan-olcer.de/template/style-guide.html]
[hakan-olcer.de/images/Unsplash.jpg]
[hakan-olcer.de/images/feather-og-Licensing.png]
[hakan-olcer.de/template/licensing.html]
[hakan-olcer.de/template/change-log.html]
[hakan-olcer.de/images/Austin-Instuructuins_1Austin-Instuructuins.webp]
[hakan-olcer.de/images/Instructions-Image-04_1Instructions-Image-04.webp]
[hakan-olcer.de/images/Instructions-Image-03_1Instructions-Image-03.webp]
[hakan-olcer.de/images/Austin-Instructions-3_1Austin-Instructions-3.webp]
[hakan-olcer.de/template/instructions.html]
[hakan-olcer.de/images/twitter.svg]
[hakan-olcer.de/images/linkedin.svg]
[hakan-olcer.de/images/Qoute-Block-Icon.svg]
[hakan-olcer.de/images/About-Image-01_1About-Image-01.html]
[hakan-olcer.de/images/About-Image-02_1About-Image-02.html]
[hakan-olcer.de/images/About-Image-03_1About-Image-03.html]
[hakan-olcer.de/images/Development-Image-01.svg]
[hakan-olcer.de/images/Development-Image-02.svg]
[hakan-olcer.de/images/Development-Image-03.svg]
[hakan-olcer.de/images/Award-Image-01_1Award-Image-01.html]
[hakan-olcer.de/images/Award-Image-02_1Award-Image-02.html]
[hakan-olcer.de/images/Award-Circled-Words.svg]
[hakan-olcer.de/images/Award-Logo.svg]
[hakan-olcer.de/images/Slider-Image-05_1Slider-Image-05.html]
[hakan-olcer.de/images/Slider-Image-03_1Slider-Image-03.html]
[hakan-olcer.de/images/Slider-Image-01_1Slider-Image-01.html]
[hakan-olcer.de/images/Slider-Image-04_1Slider-Image-04.html]
[hakan-olcer.de/images/Slider-Image-02_1Slider-Image-02.html]
[hakan-olcer.de/images/Slider-Image-06_1Slider-Image-06.html]
[hakan-olcer.de/GET.html]
[hakan-olcer.de/images/Contact-Gradient_1Contact-Gradient.html]
[hakan-olcer.de/images/X-Icon.svg]
[hakan-olcer.de/images/Austin-Instuructuins_1Austin-Instuructuins.html]
[hakan-olcer.de/images/Instructions-Image-04_1Instructions-Image-04.html]
[hakan-olcer.de/images/Instructions-Image-03_1Instructions-Image-03.html]
[hakan-olcer.de/images/Austin-Instructions-3_1Austin-Instructions-3.html]
