[hakan-olcer-de.webflow.io/index.html]
[backblue.gif]
[fade.gif]
[index.html]
[hakan-olcer-de.webflow.io/my-portfolio.html]
[hakan-olcer-de.webflow.io/about.html]
[hakan-olcer-de.webflow.io/blog.html]
[hakan-olcer-de.webflow.io/contact.html]
[hakan-olcer-de.webflow.io/project/campuswelt.html]
[hakan-olcer-de.webflow.io/project/nest-victa.html]
[hakan-olcer-de.webflow.io/project/wachtower.html]
[hakan-olcer-de.webflow.io/project/az-synergy.html]
[hakan-olcer-de.webflow.io/project/veritas-tech.html]
[hakan-olcer-de.webflow.io/template/style-guide.html]
[hakan-olcer-de.webflow.io/template/licensing.html]
[hakan-olcer-de.webflow.io/template/change-log.html]
[hakan-olcer-de.webflow.io/template/instructions.html]
[hakan-olcer-de.webflow.io/index.html]
[hakan-olcer-de.webflow.io/my-portfolio.html]
[hakan-olcer-de.webflow.io/about.html]
[hakan-olcer-de.webflow.io/GET]
[hakan-olcer-de.webflow.io/blog.html]
[hakan-olcer-de.webflow.io/contact.html]
[hakan-olcer-de.webflow.io/project/campuswelt.html]
[hakan-olcer-de.webflow.io/project/nest-victa.html]
[hakan-olcer-de.webflow.io/project/wachtower.html]
[hakan-olcer-de.webflow.io/project/az-synergy.html]
[hakan-olcer-de.webflow.io/project/veritas-tech.html]
[hakan-olcer-de.webflow.io/template/style-guide.html]
[hakan-olcer-de.webflow.io/template/licensing.html]
[hakan-olcer-de.webflow.io/template/change-log.html]
[hakan-olcer-de.webflow.io/template/instructions.html]
[hakan-olcer-de.webflow.io/GET.html]
